// Jest Snapshot v1, https://goo.gl/fbAQLP

exports[`<Slider /> Should render correctly 1`] = `
<h1
  data-testid="axios-h1"
>
  More from Axios.com
</h1>
`;
